// Jest Snapshot v1, https://goo.gl/fbAQLP

exports[`InfoCategory matches the snapshot 1`] = `
ShallowWrapper {
  Symbol(enzyme.__root__): [Circular],
  Symbol(enzyme.__unrendered__): <InfoCategory
    list={
      Array [
        "item1",
        "item2",
      ]
    }
    title="title"
  />,
  Symbol(enzyme.__renderer__): Object {
    "batchedUpdates": [Function],
    "checkPropTypes": [Function],
    "getNode": [Function],
    "render": [Function],
    "simulateError": [Function],
    "simulateEvent": [Function],
    "unmount": [Function],
  },
  Symbol(enzyme.__node__): Object {
    "instance": null,
    "key": undefined,
    "nodeType": "host",
    "props": Object {
      "children": Array [
        <div>
          title
        </div>,
        Array [
          <p>
            item1
          </p>,
          <p>
            item2
          </p>,
        ],
      ],
      "className": "info-category d-flex flex-column",
    },
    "ref": null,
    "rendered": Array [
      Object {
        "instance": null,
        "key": undefined,
        "nodeType": "host",
        "props": Object {
          "children": "title",
        },
        "ref": null,
        "rendered": "title",
        "type": "div",
      },
      Object {
        "instance": null,
        "key": "item1",
        "nodeType": "host",
        "props": Object {
          "children": "item1",
        },
        "ref": null,
        "rendered": "item1",
        "type": "p",
      },
      Object {
        "instance": null,
        "key": "item2",
        "nodeType": "host",
        "props": Object {
          "children": "item2",
        },
        "ref": null,
        "rendered": "item2",
        "type": "p",
      },
    ],
    "type": "div",
  },
  Symbol(enzyme.__nodes__): Array [
    Object {
      "instance": null,
      "key": undefined,
      "nodeType": "host",
      "props": Object {
        "children": Array [
          <div>
            title
          </div>,
          Array [
            <p>
              item1
            </p>,
            <p>
              item2
            </p>,
          ],
        ],
        "className": "info-category d-flex flex-column",
      },
      "ref": null,
      "rendered": Array [
        Object {
          "instance": null,
          "key": undefined,
          "nodeType": "host",
          "props": Object {
            "children": "title",
          },
          "ref": null,
          "rendered": "title",
          "type": "div",
        },
        Object {
          "instance": null,
          "key": "item1",
          "nodeType": "host",
          "props": Object {
            "children": "item1",
          },
          "ref": null,
          "rendered": "item1",
          "type": "p",
        },
        Object {
          "instance": null,
          "key": "item2",
          "nodeType": "host",
          "props": Object {
            "children": "item2",
          },
          "ref": null,
          "rendered": "item2",
          "type": "p",
        },
      ],
      "type": "div",
    },
  ],
  Symbol(enzyme.__options__): Object {
    "adapter": ReactSixteenAdapter {
      "options": Object {
        "enableComponentDidUpdateOnSetState": true,
        "legacyContextMode": "parent",
        "lifecycles": Object {
          "componentDidUpdate": Object {
            "onSetState": true,
          },
          "getChildContext": Object {
            "calledByRenderer": false,
          },
          "getDerivedStateFromProps": Object {
            "hasShouldComponentUpdateBug": false,
          },
          "getSnapshotBeforeUpdate": true,
          "setState": Object {
            "skipsComponentDidUpdateOnNullish": true,
          },
        },
      },
    },
  },
}
`;
